// Jest Snapshot v1, https://goo.gl/fbAQLP

exports[`HeaderWithLink Component should navigate to home page when clicked back to home button 1`] = `
{
  "asFragment": [Function],
  "baseElement": <body>
    <div>
      <header
        class="space-y-4 border-b pb-4"
      >
        <button
          class="justify-center whitespace-nowrap rounded-md font-medium ring-offset-background transition-colors focus-visible:outline-none focus-visible:ring-2 focus-visible:ring-ring focus-visible:ring-offset-2 disabled:pointer-events-none disabled:opacity-50 link-variant-test underline-offset-4 hover:underline default-size-test h-10 py-2 flex items-center gap-1 px-0 text-lg text-primary"
          data-testid="back-to-home"
        >
          <svg
            class="lucide lucide-undo2 "
            fill="none"
            height="18"
            stroke="currentColor"
            stroke-linecap="round"
            stroke-linejoin="round"
            stroke-width="2"
            viewBox="0 0 24 24"
            width="18"
            xmlns="http://www.w3.org/2000/svg"
          >
            <path
              d="M9 14 4 9l5-5"
            />
            <path
              d="M4 9h10.5a5.5 5.5 0 0 1 5.5 5.5v0a5.5 5.5 0 0 1-5.5 5.5H11"
            />
          </svg>
          Back to home
        </button>
        <h1
          class="scroll-m-12 font-bold text-4xl flex flex-wrap items-center gap-2"
        >
          <svg
            class="lucide lucide-home "
            fill="none"
            height="24"
            stroke="currentColor"
            stroke-linecap="round"
            stroke-linejoin="round"
            stroke-width="2"
            viewBox="0 0 24 24"
            width="24"
            xmlns="http://www.w3.org/2000/svg"
          >
            <path
              d="m3 9 9-7 9 7v11a2 2 0 0 1-2 2H5a2 2 0 0 1-2-2z"
            />
            <polyline
              points="9 22 9 12 15 12 15 22"
            />
          </svg>
           
          Title
        </h1>
      </header>
    </div>
  </body>,
  "container": <div>
    <header
      class="space-y-4 border-b pb-4"
    >
      <button
        class="justify-center whitespace-nowrap rounded-md font-medium ring-offset-background transition-colors focus-visible:outline-none focus-visible:ring-2 focus-visible:ring-ring focus-visible:ring-offset-2 disabled:pointer-events-none disabled:opacity-50 link-variant-test underline-offset-4 hover:underline default-size-test h-10 py-2 flex items-center gap-1 px-0 text-lg text-primary"
        data-testid="back-to-home"
      >
        <svg
          class="lucide lucide-undo2 "
          fill="none"
          height="18"
          stroke="currentColor"
          stroke-linecap="round"
          stroke-linejoin="round"
          stroke-width="2"
          viewBox="0 0 24 24"
          width="18"
          xmlns="http://www.w3.org/2000/svg"
        >
          <path
            d="M9 14 4 9l5-5"
          />
          <path
            d="M4 9h10.5a5.5 5.5 0 0 1 5.5 5.5v0a5.5 5.5 0 0 1-5.5 5.5H11"
          />
        </svg>
        Back to home
      </button>
      <h1
        class="scroll-m-12 font-bold text-4xl flex flex-wrap items-center gap-2"
      >
        <svg
          class="lucide lucide-home "
          fill="none"
          height="24"
          stroke="currentColor"
          stroke-linecap="round"
          stroke-linejoin="round"
          stroke-width="2"
          viewBox="0 0 24 24"
          width="24"
          xmlns="http://www.w3.org/2000/svg"
        >
          <path
            d="m3 9 9-7 9 7v11a2 2 0 0 1-2 2H5a2 2 0 0 1-2-2z"
          />
          <polyline
            points="9 22 9 12 15 12 15 22"
          />
        </svg>
         
        Title
      </h1>
    </header>
  </div>,
  "debug": [Function],
  "findAllByAltText": [Function],
  "findAllByDisplayValue": [Function],
  "findAllByLabelText": [Function],
  "findAllByPlaceholderText": [Function],
  "findAllByRole": [Function],
  "findAllByTestId": [Function],
  "findAllByText": [Function],
  "findAllByTitle": [Function],
  "findByAltText": [Function],
  "findByDisplayValue": [Function],
  "findByLabelText": [Function],
  "findByPlaceholderText": [Function],
  "findByRole": [Function],
  "findByTestId": [Function],
  "findByText": [Function],
  "findByTitle": [Function],
  "getAllByAltText": [Function],
  "getAllByDisplayValue": [Function],
  "getAllByLabelText": [Function],
  "getAllByPlaceholderText": [Function],
  "getAllByRole": [Function],
  "getAllByTestId": [Function],
  "getAllByText": [Function],
  "getAllByTitle": [Function],
  "getByAltText": [Function],
  "getByDisplayValue": [Function],
  "getByLabelText": [Function],
  "getByPlaceholderText": [Function],
  "getByRole": [Function],
  "getByTestId": [Function],
  "getByText": [Function],
  "getByTitle": [Function],
  "queryAllByAltText": [Function],
  "queryAllByDisplayValue": [Function],
  "queryAllByLabelText": [Function],
  "queryAllByPlaceholderText": [Function],
  "queryAllByRole": [Function],
  "queryAllByTestId": [Function],
  "queryAllByText": [Function],
  "queryAllByTitle": [Function],
  "queryByAltText": [Function],
  "queryByDisplayValue": [Function],
  "queryByLabelText": [Function],
  "queryByPlaceholderText": [Function],
  "queryByRole": [Function],
  "queryByTestId": [Function],
  "queryByText": [Function],
  "queryByTitle": [Function],
  "rerender": [Function],
  "unmount": [Function],
}
`;
